[2026-08-16T16:54:57.465+0700] | EventID: 1 | User: IIS APPPOOL\\VulnerableSite | Command: \"cmd.exe\" /c whoami | Image: C:\\Windows\\System32\\cmd.exe | Target:  | SourceIP:  | DestIP:  | IsMalicious: False
[2026-08-16T16:54:57.466+0700] | EventID: 1 | User: IIS APPPOOL\\VulnerableSite | Command: whoami | Image: C:\\Windows\\System32\\whoami.exe | Target:  | SourceIP:  | DestIP:  | IsMalicious: False
[2026-08-16T16:57:51.019+0700] | EventID: 1 | User: IIS APPPOOL\\VulnerableSite | Command: \"cmd.exe\" /c whoami | Image: C:\\Windows\\System32\\cmd.exe | Target:  | SourceIP:  | DestIP:  | IsMalicious: False
[2026-08-16T16:57:51.062+0700] | EventID: 1 | User: IIS APPPOOL\\VulnerableSite | Command: whoami | Image: C:\\Windows\\System32\\whoami.exe | Target:  | SourceIP:  | DestIP:  | IsMalicious: False
[2026-08-16T16:58:20.332+0700] | EventID: 1 | User: IIS APPPOOL\\VulnerableSite | Command: \"cmd.exe\" /c net user | Image: C:\\Windows\\System32\\cmd.exe | Target:  | SourceIP:  | DestIP:  | IsMalicious: False
[2026-08-16T16:58:20.349+0700] | EventID: 1 | User: IIS APPPOOL\\VulnerableSite | Command: c:\\windows\\system32\\net1  user | Image: C:\\Windows\\System32\\net1.exe | Target:  | SourceIP:  | DestIP:  | IsMalicious: False
[2026-08-16T16:58:20.349+0700] | EventID: 1 | User: IIS APPPOOL\\VulnerableSite | Command: net  user | Image: C:\\Windows\\System32\\net.exe | Target:  | SourceIP:  | DestIP:  | IsMalicious: False
[2026-08-16T17:09:32.491+0700] | EventID: 1 | User: IIS APPPOOL\\VulnerableSite | Command: \"cmd.exe\" /c dir | Image: C:\\Windows\\System32\\cmd.exe | Target:  | SourceIP:  | DestIP:  | IsMalicious: False
[2026-08-16T17:11:19.183+0700] | EventID: 1 | User: IIS APPPOOL\\VulnerableSite | Command: \"cmd.exe\" /c dir | Image: C:\\Windows\\System32\\cmd.exe | Target:  | SourceIP:  | DestIP:  | IsMalicious: False
[2026-08-16T17:15:06.887+0700] | EventID: 1 | User: IIS APPPOOL\\VulnerableSite | Command: \"cmd.exe\" /c dir | Image: C:\\Windows\\System32\\cmd.exe | Target:  | SourceIP:  | DestIP:  | IsMalicious: False
[2026-08-16T17:15:27.887+0700] | EventID: 1 | User: IIS APPPOOL\\VulnerableSite | Command: \"cmd.exe\" /c net user | Image: C:\\Windows\\System32\\cmd.exe | Target:  | SourceIP:  | DestIP:  | IsMalicious: False
[2026-08-16T17:15:27.889+0700] | EventID: 1 | User: IIS APPPOOL\\VulnerableSite | Command: net  user | Image: C:\\Windows\\System32\\net.exe | Target:  | SourceIP:  | DestIP:  | IsMalicious: False
[2026-08-16T17:15:27.899+0700] | EventID: 1 | User: IIS APPPOOL\\VulnerableSite | Command: c:\\windows\\system32\\net1  user | Image: C:\\Windows\\System32\\net1.exe | Target:  | SourceIP:  | DestIP:  | IsMalicious: False
[2026-08-16T17:15:36.468+0700] | EventID: 1 | User: IIS APPPOOL\\VulnerableSite | Command: \"cmd.exe\" /c net user | Image: C:\\Windows\\System32\\cmd.exe | Target:  | SourceIP:  | DestIP:  | IsMalicious: False
[2026-08-16T17:15:36.483+0700] | EventID: 1 | User: IIS APPPOOL\\VulnerableSite | Command: net  user | Image: C:\\Windows\\System32\\net.exe | Target:  | SourceIP:  | DestIP:  | IsMalicious: False
[2026-08-16T17:15:36.483+0700] | EventID: 1 | User: IIS APPPOOL\\VulnerableSite | Command: c:\\windows\\system32\\net1  user | Image: C:\\Windows\\System32\\net1.exe | Target:  | SourceIP:  | DestIP:  | IsMalicious: False
[2026-08-16T17:15:53.247+0700] | EventID: 1 | User: IIS APPPOOL\\VulnerableSite | Command: \"cmd.exe\" /c whoami | Image: C:\\Windows\\System32\\cmd.exe | Target:  | SourceIP:  | DestIP:  | IsMalicious: False
[2026-08-16T17:15:53.291+0700] | EventID: 1 | User: IIS APPPOOL\\VulnerableSite | Command: whoami | Image: C:\\Windows\\System32\\whoami.exe | Target:  | SourceIP:  | DestIP:  | IsMalicious: False
[2026-08-16T17:16:10.080+0700] | EventID: 1 | User: IIS APPPOOL\\VulnerableSite | Command: \"cmd.exe\" /c whoami | Image: C:\\Windows\\System32\\cmd.exe | Target:  | SourceIP:  | DestIP:  | IsMalicious: False
[2026-08-16T17:16:10.082+0700] | EventID: 1 | User: IIS APPPOOL\\VulnerableSite | Command: whoami | Image: C:\\Windows\\System32\\whoami.exe | Target:  | SourceIP:  | DestIP:  | IsMalicious: False
[2026-08-16T17:17:44.366+0700] | EventID: 11 | User: IIS APPPOOL\\VulnerableSite | Command:  | Image: c:\\windows\\system32\\inetsrv\\w3wp.exe | Target: C:\\inetpub\\wwwroot\\vulnerable-site\\uploads\\shell.aspx | SourceIP:  | DestIP:  | IsMalicious: False
[2026-08-16T17:17:45.454+0700] | EventID: 11 | User: IIS APPPOOL\\VulnerableSite | Command:  | Image: C:\\Windows\\Microsoft.NET\\Framework64\\v4.0.30319\\csc.exe | Target: C:\\Windows\\Microsoft.NET\\Framework64\\v4.0.30319\\Temporary ASP.NET Files\\root\\0ff6f209\\1480d840\\App_Web_d2afhfjx.dll | SourceIP:  | DestIP:  | IsMalicious: False
[2026-08-16T17:17:46.933+0700] | EventID: 1 | User: IIS APPPOOL\\VulnerableSite | Command: \"cmd.exe\" /c whoami | Image: C:\\Windows\\System32\\cmd.exe | Target:  | SourceIP:  | DestIP:  | IsMalicious: False
[2026-08-16T17:20:14.481+0700] | EventID: 1 | User: ADMIN-PC\\Admin | Command: cmd.exe /c echo.%%userprofile%% | Image: C:\\Windows\\System32\\cmd.exe | Target:  | SourceIP:  | DestIP:  | IsMalicious: False
[2026-08-16T17:26:02.457+0700] | EventID: 11 | User: IIS APPPOOL\\VulnerableSite | Command:  | Image: c:\\windows\\system32\\inetsrv\\w3wp.exe | Target: C:\\inetpub\\wwwroot\\vulnerable-site\\uploads\\shell.aspx | SourceIP:  | DestIP:  | IsMalicious: False
[2026-08-16T17:26:03.561+0700] | EventID: 11 | User: IIS APPPOOL\\VulnerableSite | Command:  | Image: C:\\Windows\\Microsoft.NET\\Framework64\\v4.0.30319\\csc.exe | Target: C:\\Windows\\Microsoft.NET\\Framework64\\v4.0.30319\\Temporary ASP.NET Files\\root\\0ff6f209\\1480d840\\App_Web_mrfjxz3g.dll | SourceIP:  | DestIP:  | IsMalicious: False
[2026-08-16T17:26:04.603+0700] | EventID: 1 | User: IIS APPPOOL\\VulnerableSite | Command: \"cmd.exe\" /c whoami | Image: C:\\Windows\\System32\\cmd.exe | Target:  | SourceIP:  | DestIP:  | IsMalicious: False
[2026-08-16T17:35:47.432+0700] | EventID: 11 | User: IIS APPPOOL\\VulnerableSite | Command:  | Image: c:\\windows\\system32\\inetsrv\\w3wp.exe | Target: C:\\inetpub\\wwwroot\\vulnerable-site\\uploads\\shell.aspx | SourceIP:  | DestIP:  | IsMalicious: False
[2026-08-16T17:35:50.362+0700] | EventID: 1 | User: IIS APPPOOL\\VulnerableSite | Command: \"cmd.exe\" /c whoami | Image: C:\\Windows\\System32\\cmd.exe | Target:  | SourceIP:  | DestIP:  | IsMalicious: False
[2026-08-16T17:35:50.406+0700] | EventID: 1 | User: IIS APPPOOL\\VulnerableSite | Command: whoami | Image: C:\\Windows\\System32\\whoami.exe | Target:  | SourceIP:  | DestIP:  | IsMalicious: False
